// Jest Snapshot v1, https://goo.gl/fbAQLP

exports[`Button Component Should render the button 1`] = `
<span>
  Button
</span>
`;
