// Jest Snapshot v1, https://goo.gl/fbAQLP

exports[`Container Component Should render the container 1`] = `
<h1>
  Container
</h1>
`;
