// Jest Snapshot v1, https://goo.gl/fbAQLP

exports[`Footer Component Should render the Footer 1`] = `
<div>
  Made with â™¥
</div>
`;
