// Jest Snapshot v1, https://goo.gl/fbAQLP

exports[`Header Component Should render the title on Header 1`] = `
<div>
  Boiler
</div>
`;
