// Jest Snapshot v1, https://goo.gl/fbAQLP

exports[`Layout Component Should render the Layout 1`] = `
<h1>
  Layout
</h1>
`;
